// 重构日志: b50d58d3
// 重构日志: cc7bdda3
// 重构日志: 4bfa40cb
// 重构日志: a5fdbbdd
// 重构日志: 5790ac04
// 同步 ID: 3eec33ba @ Wed Jul 29 19:59:41 UTC 2026
// 重构日志: ea7975aa
// 同步 ID: 960c2500 @ Thu Jul 30 09:53:14 UTC 2026
// 同步 ID: 15cb6de9 @ Thu Jul 30 15:24:26 UTC 2026
// 同步 ID: eb08b78e @ Thu Jul 30 17:31:09 UTC 2026
// 同步 ID: 87336342 @ Fri Jul 31 04:23:41 UTC 2026
// 同步 ID: e6e65810 @ Fri Jul 31 12:22:34 UTC 2026
// 同步 ID: d1331ca9 @ Fri Jul 31 18:49:01 UTC 2026
// 重构日志: de207098
// 重构日志: 39c92282
// 重构日志: dada2648
// 同步 ID: 71346728 @ Mon Aug  3 00:27:12 UTC 2026
// 重构日志: f0a255b0
// 重构日志: 8e73baaf
// 同步 ID: 074f81cc @ Wed Aug  5 03:55:45 UTC 2026
// 重构日志: 245785c8
// 重构日志: 67170ef6
// 同步 ID: 99fceae6 @ Thu Aug  6 04:28:46 UTC 2026
// 同步 ID: 22a3f1c5 @ Thu Aug  6 12:30:18 UTC 2026
// 重构日志: 4cd68ae5
// 同步 ID: 6e83c8c2 @ Fri Aug  7 04:09:11 UTC 2026
// 重构日志: 7ed69b8d
// 同步 ID: e42c78f6 @ Fri Aug  7 08:20:16 UTC 2026
// 重构日志: 81a6cb64
// 同步 ID: dc26dd3a @ Fri Aug  7 12:13:10 UTC 2026
